=== Git Ignore Audit ===

[1] Tracked files that SHOULD be ignored:
  None

[2] Ignored files that are NOT tracked (filtered):
  64Bit_Native/.gitignore
  64Bit_Native/Current_32Bit_Native_API.ZIP
  64Bit_Native/GetExeSubsystemW_WW.CPP
  64Bit_Native/GetExeSubsystem_WW.INL
  64Bit_Native/P6CUtilLib1.H
  64Bit_Native/SHS_GetLabelStringA.C
  64Bit_Native/SHS_GetLabelStringW.C
  64Bit_Native/SHS_GetStdHandleFN.INL
  64Bit_Native/SHS_GetStdHandleFNA.CPP
  64Bit_Native/SHS_GetStdHandleFNCLI.C
  64Bit_Native/SHS_GetStdHandleFNW.CPP
  64Bit_Native/SHS_ResolveLabelStringID.C
  64Bit_Native/StandardHandleState.H
  DLLServices2/.gitignore
  DLLServices2/DLLServices2_Sources_20180904_223304.7z
  DLLServices2/bin/Release/FixedStringBuffers.dll
  DLLServices2/bin/Release/Newtonsoft.Json.dll
  DLLServices2/bin/Release/Newtonsoft.Json.xml
  DLLServices2/bin/Release/P6CStringLib1.dll
  DLLServices2/bin/Release/P6CUtilLib1.dll
  DLLServices2/bin/Release/SafeMemCpy.dll
  DLLServices2/bin/Release/WWConAid.dll
  DLLServices2/bin/Release/WWKernelLibWrapper.dll
  DLLServices2/bin/Release/WizardWrx.BitMath.dll
  DLLServices2/bin/Release/WizardWrx.BitMath.pdb
  DLLServices2/bin/Release/WizardWrx.BitMath.xml
  DLLServices2/bin/Release/WizardWrx.DLLServices2.dll
  DLLServices2/bin/Release/WizardWrx.DLLServices2.dll.config
  DLLServices2/bin/Release/WizardWrx.DLLServices2.pdb
  DLLServices2/bin/Release/WizardWrx.DLLServices2.xml
  REFERENCE/.gitignore
  REFERENCE/Advanced_.NET_Debugging__Mario_Hewardt_._2010.pdf
  REFERENCE/AsmSpy_Chocolatey_Package.url
  REFERENCE/AsmSpy_GitHub_Repository.url
  REFERENCE/DelTempFiles.CMD.lnk
  REFERENCE/EZMAILER_Retry.CMD.lnk
  REFERENCE/Ease_Versioning_Multiple_Assemblies_by_Splitting_Up_AssemblyInfo.url
  REFERENCE/File_Handle_Custom_Marshaler.url
  REFERENCE/Force-reinstall NuGet packages.url
  REFERENCE/INCLUDE Directory (DAG).lnk
  REFERENCE/IOException_Class.url
  REFERENCE/Microsoft.VisualStudio.ReleaseManagement.BuildInfo.Targets.lnk
  REFERENCE/SafeHandle_Reliability_Case_Study.url
  REFERENCE/VS_Native_INCLUDE.lnk
  REFERENCE/YAML_Aint_Markup_Language.url
  REFERENCE/bin Directory.lnk
  REFERENCE/csharp_ebook.pdf
  REFERENCE/test.msbuild.lnk
  Redirected_Streams/.gitignore
  Redirected_Streams/DLLServices2TestStand_Redirected_STDIN.LOG
  Redirected_Streams/DLLServices2TestStand_Redirected_STDIN_20151010_015609.LOG
  Redirected_Streams/DLLServices2TestStand_Redirected_STDIN_20151010_020245.LOG
  Redirected_Streams/DLLServices2TestStand_Redirected_STDIN_20151010_112155.LOG
  Redirected_Streams/DLLServices2TestStand_Redirected_STDIN_20151010_113945.LOG
  Redirected_Streams/Redirected_Streams_20150624_141541.ZIPX
  Redirected_Streams/Redirected_Streams_20150624_151400.ZIPX
  Redirected_Streams/Redirected_Streams_20150624_180448.ZIPX
  Redirected_Streams/Redirected_Streams_20150624_181116.ZIPX
  Redirected_Streams/Redirected_Streams_20150624_215603.ZIPX
  Redirected_Streams/Redirected_Streams_20150624_221114.ZIPX
  Redirected_Streams/Redirected_Streams_20150624_234312.ZIPX
  Redirected_Streams/RedirectionDrills_20150625_174654.LOG
  Redirected_Streams/RedirectionDrills_20150713_194517.LOG
  Redirected_Streams/RedirectionDrills_20150924_054623.LOG
  Redirected_Streams/RedirectionDrills_ERR_20150624_233437.LOG
  Redirected_Streams/RedirectionDrills_IN_20150624_232103.LOG
  Redirected_Streams/RedirectionDrills_NONE_20150624_231144.LOG
  Redirected_Streams/RedirectionDrills_OUT_20150624_232947.LOG
  Redirected_Streams/STDERR.TXT
  Redirected_Streams/STDERR_20150624_233437.TXT
  Redirected_Streams/STDERR_20150626_181446.TXT
  Redirected_Streams/STDERR_20150708_160332.TXT
  Redirected_Streams/STDERR_20150708_215651.TXT
  Redirected_Streams/STDERR_20150713_191848.TXT
  Redirected_Streams/STDIN.TXT
  Redirected_Streams/STDOUT_20150624_232947.TXT
  Redirected_Streams/STDOUT_20150625_174518.TXT
  Redirected_Streams/STDOUT_20150625_174654.TXT
  Redirected_Streams/STDOUT_20150626_181109.TXT
  Redirected_Streams/STDOUT_20150708_160332.TXT
  Redirected_Streams/STDOUT_20150708_215651.TXT
  Redirected_Streams/STDOUT_20150713_194517.TXT
  Redirected_Streams/STDOUT_20150921_010645.TXT
  Redirected_Streams/STDOUT_20150921_185945.TXT
  Redirected_Streams/STDOUT_20150921_190004.TXT
  Redirected_Streams/STDOUT_20150922_094754.TXT
  Redirected_Streams/STDOUT_20150922_095718.TXT
  Redirected_Streams/STDOUT_20150922_100938.TXT
  Redirected_Streams/STDOUT_20150922_102715.TXT
  Redirected_Streams/STDOUT_20150922_103944.TXT
  Redirected_Streams/STDOUT_20150924_054559.TXT
  Redirected_Streams/StandardHandlesLabDrills_20150626_181446.LOG
  Redirected_Streams/StandardHandlesLabDrills_20150708_215657.LOG
  Redirected_Streams/StandardHandlesLabDrills_20151002_174237.LOG
  StandardHandlesLab/.gitignore
  StandardHandlesLab/.vs/StandardHandlesLab/v15/.suo
  StandardHandlesLab/.vs/StandardHandlesLab/v15/Browse.VC.db
  StandardHandlesLab/Debug/StandardHandlesLab.exe
  StandardHandlesLab/Debug/StandardHandlesLab.ilk
  StandardHandlesLab/Debug/StandardHandlesLab.map
  StandardHandlesLab/Debug/StandardHandlesLab.pdb
  StandardHandlesLab/Debug/StandardHandlesLab.v12.suo
  StandardHandlesLab/StandardHandlesLab.sln
  StandardHandlesLab/StandardHandlesLab.v12.suo
  StandardHandlesLab/StandardHandlesLab/Debug/ProgramIDFromArgV.asm
  StandardHandlesLab/StandardHandlesLab/Debug/ProgramIDFromArgV.obj
  StandardHandlesLab/StandardHandlesLab/Debug/Standard.8E1919AC.tlog/CL.read.1.tlog
  StandardHandlesLab/StandardHandlesLab/Debug/Standard.8E1919AC.tlog/CL.read.2.tlog
  StandardHandlesLab/StandardHandlesLab/Debug/Standard.8E1919AC.tlog/CL.read.3.tlog
  StandardHandlesLab/StandardHandlesLab/Debug/Standard.8E1919AC.tlog/CL.write.1.tlog
  StandardHandlesLab/StandardHandlesLab/Debug/Standard.8E1919AC.tlog/StandardHandlesLab.lastbuildstate
  StandardHandlesLab/StandardHandlesLab/Debug/Standard.8E1919AC.tlog/cl.command.1.tlog
  StandardHandlesLab/StandardHandlesLab/Debug/Standard.8E1919AC.tlog/link.command.1.tlog
  StandardHandlesLab/StandardHandlesLab/Debug/Standard.8E1919AC.tlog/link.read.1.tlog
  StandardHandlesLab/StandardHandlesLab/Debug/Standard.8E1919AC.tlog/link.write.1.tlog
  StandardHandlesLab/StandardHandlesLab/Debug/Standard.8E1919AC.tlog/rc.command.1.tlog
  StandardHandlesLab/StandardHandlesLab/Debug/Standard.8E1919AC.tlog/rc.read.1.tlog
  StandardHandlesLab/StandardHandlesLab/Debug/Standard.8E1919AC.tlog/rc.write.1.tlog
  StandardHandlesLab/StandardHandlesLab/Debug/StandardHandleState.asm
  StandardHandlesLab/StandardHandlesLab/Debug/StandardHandleState.obj
  StandardHandlesLab/StandardHandlesLab/Debug/StandardHandlesLab.Build.CppClean.log
  StandardHandlesLab/StandardHandlesLab/Debug/StandardHandlesLab.asm
  StandardHandlesLab/StandardHandlesLab/Debug/StandardHandlesLab.log
  StandardHandlesLab/StandardHandlesLab/Debug/StandardHandlesLab.obj
  StandardHandlesLab/StandardHandlesLab/Debug/StandardHandlesLab.res
  StandardHandlesLab/StandardHandlesLab/Debug/vc120.idb
  StandardHandlesLab/StandardHandlesLab/Debug/vc120.pdb
  StandardHandlesLab/StandardHandlesLab/ProgramIDFromArgV.C
  StandardHandlesLab/StandardHandlesLab/StandardHandleState.C
  StandardHandlesLab/StandardHandlesLab/StandardHandleState.H
  StandardHandlesLab/StandardHandlesLab/StandardHandlesLab.H
  StandardHandlesLab/StandardHandlesLab/StandardHandlesLab.aps
  StandardHandlesLab/StandardHandlesLab/StandardHandlesLab.cpp
  StandardHandlesLab/StandardHandlesLab/StandardHandlesLab.rc
  StandardHandlesLab/StandardHandlesLab/StandardHandlesLab.vcxproj
  StandardHandlesLab/StandardHandlesLab/StandardHandlesLab.vcxproj.filters
  StandardHandlesLab/StandardHandlesLab/StandardHandlesLab.vcxproj.user
  StandardHandlesLab/StandardHandlesLab/resource.h
  StandardHandlesLab/StandardHandlesLab/targetver.h
  _NOTES/.gitignore
  _NOTES/ASCII_Table/ASCII_Character_Display_Table.XLSX
  _NOTES/ASCII_Table/ASCII_Character_Display_Table.txt
  _NOTES/ASCII_Table/ASCII_Character_Display_Table_20210203_015520.7z
  _NOTES/Add_Space_Bounded_Punctuation_Marks.TXT
  _NOTES/Add_Unicode_Code_Points_to_ASCII_Table.TXT
  _NOTES/AppDomainSyncRootRegistry.TXT
  _NOTES/AssemblyUtils_Referenced_Resources_20221124_004040.TXT
  _NOTES/AssemblyUtils_Unreferenced_Resources_20221124_004040.TXT
  _NOTES/BitArray32TestStand_20160425_160619.CSV
  _NOTES/Case_Insensitive_String_Replace.TXT
  _NOTES/Correct_Logic_and_Math_Errors_in_ExtractBetweenIndexOfs.TXT
  _NOTES/Correct_Method_Name_SQLafe4EmbeddedSingleQuote.TXT
  _NOTES/David_Gray_NuGet_Profile_20210131_221116.pdf
  _NOTES/DefaultProductID.REG
  _NOTES/DocFX_and_GitHub/.gitignore
  _NOTES/DocFX_and_GitHub/API_Documentation_Generation_20180913_234150.TXT
  _NOTES/DocFX_and_GitHub/DOCS_INDEX_20180911_014402.HTML
  _NOTES/DocFX_and_GitHub/DocFx_Issue_1821.zip
  _NOTES/DocFX_and_GitHub/UCResult_DocFX_Empty_vs_Populated_20180912_113149.7z
  _NOTES/DocFX_and_GitHub/UCResult_DocFX_Empty_vs_Populated_20180912_113149.HTML
  _NOTES/DocFX_and_GitHub/UCResult_DocFX_Empty_vs_Populated_20180912_113149.TXT
  _NOTES/EmbeddedTextFile.nuspec
  _NOTES/ExceptionLogger/Application_ENIGMA_20170904_002705.TXT
  _NOTES/ExceptionLogger/DLLServices2TestStand_7_0_Debug_ApplicationEvents_20170829_010730.TXT
  _NOTES/ExceptionLogger/EventSequence_332255_per_Excel_Cell_I2.TXT
  _NOTES/ExceptionLogger/EventSequence_332255_per_PSLogList.TXT
  _NOTES/ExceptionLogger/Exception_Logging_in_the_Windows_Event_Log.DOCX
  _NOTES/ExceptionLogger/LocaleMetaData/SingleEventRecordExport_20170904_002140_1033.MTA
  _NOTES/ExceptionLogger/SingleEventRecordExport_20170904_002140.CSV
  _NOTES/ExceptionLogger/SingleEventRecordExport_20170904_002140.EVTX
  _NOTES/ExceptionLogger/SingleEventRecordExport_20170904_002140.TXT
  _NOTES/ExceptionLogger/SingleEventRecordExport_20170904_002140.XML
  _NOTES/ExceptionLogger/U0000_Basic_Latin.pdf
  _NOTES/ExceptionLogger/U0080_Latin_1_Supplement.pdf
  _NOTES/ExceptionLogger/U0100_Latin_Extended_A.pdf
  _NOTES/ExceptionLogger/U0180_Latin_Extended_B.pdf
  _NOTES/ExceptionLogger/U0250_IPA_Extensions.pdf
  _NOTES/ExceptionLogger/U02B0_Spacing_Modifier_Letters.pdf
  _NOTES/ExceptionLogger/U10000_Linear_B_Syllabary.pdf
  _NOTES/ExceptionLogger/U10080_Linear_B_Ideograms.pdf
  _NOTES/ExceptionLogger/U10100_Aegean_Numbers.pdf
  _NOTES/ExceptionLogger/U10600_Linear_A.pdf
  _NOTES/ExceptionLogger/U1D00_Phonetic_Extensions.pdf
  _NOTES/ExceptionLogger/U1D80_Phonetic_Extensions_Supplement.pdf
  _NOTES/ExceptionLogger/U1E00_Latin_Extended_Additional.pdf
  _NOTES/ExceptionLogger/U2070_Superscripts_and_Subscripts.pdf
  _NOTES/ExceptionLogger/U2C60_Latin_Extended_C.pdf
  _NOTES/ExceptionLogger/UA720_Latin_Extended_D.pdf
  _NOTES/ExceptionLogger/UAB30_Latin_Extended_E.pdf
  _NOTES/ExceptionLogger/UFB00_Latin_Ligatures.pdf
  _NOTES/ExceptionLogger/UFF00_Fullwidth_Latin_Letters.pdf
  _NOTES/ExceptionLogger/Windows_Event_Log.XLTX
  _NOTES/ExceptionLogger/lwpbook.zip
  _NOTES/ForceAssemblyUtilsRebuild.TXT
  _NOTES/Generic_Reflection_Invoker.TXT
  _NOTES/GetAssemblyGUID_and_GetAssemblyTargetFramework.TXT
  _NOTES/GitAudit_20260410_231144.LOG
  _NOTES/GitHub_Repository_Settings_20180910_174104.pdf
  _NOTES/HKLM_CONSOLE.reg
  _NOTES/HTTPHelpers.TXT
  _NOTES/MSBuild_Targets_Catalog_20220424_122210.TXT
  _NOTES/Make_ReadMe_Visible_to_NuGet_Gallery.TXT
  _NOTES/Message_Digest_File_Contention.TXT
  _NOTES/New_Common_Constant_Strings.TXT
  _NOTES/New_Special_Strings_2024_03_18.TXT
  _NOTES/NuGet_License_Expressions_Research.lnk
  _NOTES/Plaintext_File_1_Block.TXT
  _NOTES/Plaintext_File_2_Fractional_Block.TXT
  _NOTES/Plaintext_File_3_1_Plus_Blocks.TXT
  _NOTES/Plaintext_File_4_4_Plus_Blocks.TXT
  _NOTES/Plaintext_File_4_Exactly_8_Blocks.TXT
  _NOTES/Rebuild_to_Explicitly_List_Dependencies_in_Generated_NuSpecs.TXT
  _NOTES/Registry_Value_6_EXPAND.REG
  _NOTES/Relocate_Static_Method_ListResourcesInAssemblyByName.TXT
  _NOTES/Resolve_Unadvertised_Dependencies.TXT
  _NOTES/Robust_JSON_Document_Ingestion(0).TXT
  _NOTES/Robust_JSON_Document_Ingestion.TXT
  _NOTES/Robust_JSON_Document_Ingestion.TXT.bak
  _NOTES/SRI_Digest_Computations(0).TXT
  _NOTES/SRI_Digest_Computations.TXT
  _NOTES/ShortGuid.CS
  _NOTES/Skip_Upgrade_When_Unchanged.TXT
  _NOTES/The Many Assembly Version Attributes and the NuGet Package Pusher #11957.url
  _NOTES/TimeZoneExtensions.TXT
  _NOTES/Top_20_NuGet_Constants_Packages.url
  _NOTES/Top_20_NuGet_Constants_Packages_20190608_013906.pdf
  _NOTES/Update_and_Exercise_the_ExtractBoundedSubstrings_String_Extension_Method.TXT
  _NOTES/Upgrade_Target_Frameworks_to_4.8_All_Around..XLSX
  _NOTES/Upgrade_Target_Frameworks_to_4.8_All_Around.TXT
  _NOTES/Using_Excel_to_Document_ResX_Files.DOCX
  _NOTES/Using_Excel_to_Document_ResX_Files.PDF
  _NOTES/Versioning/AsmSpy_Chocolatey_Package.url
  _NOTES/Versioning/AsmSpy_GitHub_Repository.url
  _NOTES/Versioning/Best Practices for .NET Assembly Versioning.url
  _NOTES/Versioning/How to use Assembly Version and Assembly File Version.url
  _NOTES/Versioning/Versioning limitations in .NET.url
  _NOTES/XREF_Custom_MSBuild_Targets.TXT
  _NOTES/_Archive/ARCHIVE_ABACUS_20220724_222730.7z
  _NOTES/_Archive/ASCII_Character_Display_Table_20170805_002129_XML_ABACUS_20170805_002129.7z
  _NOTES/_Archive/CP_Article_NASM_Sample_Project.ZIP
  _NOTES/_Archive/CP_Article_NASM_Target_Files_Collection.ZIP
  _NOTES/_Archive/docfx_project_Shell_ABACUS_20180905_003918.7z.lnk
  _archive/.gitignore
  _archive/Application_Event_Logs_ENIGMA_20150623_074541.ZIPX
  _archive/Application_Event_Logs_ENIGMA_20170702_205316.ZIPX
  _archive/Application_Event_Logs_ENIGMA_20170804_035740.ZIPX
  _archive/Archive_DLLServices2.CMD
  _archive/Archive_WizardWrx.DLLServices2_5.5.225.35562.LOG
  _archive/Archive_WizardWrx.DLLServices_5.0.77.1176.LOG
  _archive/Archive_WizardWrx.DLLServices_5.1.141.35301.LOG
  _archive/Archive_WizardWrx.DLLServices_5.1.153.41364.LOG
  _archive/Archive_WizardWrx.DLLServices_5.1.159.35985.LOG
  _archive/Archive_WizardWrx.DLLServices_5.3.162.1712.LOG
  _archive/BinaryPropertyStorage_ABACUS_20180905_004152.7z
  _archive/BitwiseOperatorsCS.ZIP
  _archive/Common_and_Packages_Directories_20190705_165514.7z
  _archive/Common_and_Packages_Directories_20190705_171108.7z
  _archive/ConsoleLabShell_ENIGMA_20160422_182708.ZIPX
  _archive/ConsoleStreamLab_Logs_ENIGMA_20170709_233332.ZIPX
  _archive/ConsoleStreamsLab_20170724_105932.ZIP
  _archive/ConsoleStreamsLab_ABACUS_20180905_004151.7z
  _archive/ConsoleStreamsLab_Source_ENIGMA_20170709_233312.ZIPX
  _archive/Core_AssemblyLocatorBase_ABACUS_20190217_160924.7z
  _archive/DLLServices2TestStand_6.0_Output_Logs_ENIGMA_20170702_205314.ZIPX
  _archive/DLLServices2TestStand_7.0_Output_Logs_ENIGMA_20170804_035736.ZIPX
  _archive/DLLServices2TestStand_Misc_Logs_ENIGMA_20170404_140940.ZIPX
  _archive/DependentAssemblyInfoReport_ENIGMA_20170702_201638.ZIPX
  _archive/Development_Notes_5x_ENIGMA_20151028_235202.ZIPX
  _archive/Development_Notes_6x_ENIGMA_20160608_135132.ZIPX
  _archive/Development_Worksheets_Ante_7_ENIGMA_20160512_024352.ZIPX
  _archive/ExceptionParsingRules_BIN_ENIGMA_20160421_203658.ZIPX
  _archive/Full_Color_Output_Demonstrations_Ante_7_ENIGMA_20151009_115116.ZIPX
  _archive/HyperPropertyDescriptor.zip
  _archive/InheritanceExperiments.ZIP
  _archive/Inventories_BitMath_and_SharedUtl2_ENIGMA_20160425_161110.ZIPX
  _archive/MassUpdate_20141014_020654.ZIPX
  _archive/Native_DLLs_from_Debug_Directory_20151122_232810.ZIPX
  _archive/Old_Notes_20150608_213026.ZIPX
  _archive/ReadMe_ABACUS_20180911_005852.7z
  _archive/RedirectedStreamTester_ABACUS_20180905_004152.7z
  _archive/RegexMatch.MSBuildTask-master_20180905_011710.7z
  _archive/RegexMatch.MSBuildTask-master_ENIGMA_20170720_125242.ZIPX
  _archive/RegexMatch.MSBuildTask-master_ENIGMA_20170720_145700.ZIPX
  _archive/RegexMatch.MSBuildTask-master_ENIGMA_20170722_024202.ZIPX
  _archive/RegexMatch.MSBuildTask_20170724_014635.ZIP
  _archive/StringTricks_CS_20170716_220409.ZIPX
  _archive/Successful_Search_Over_Big_Directory_Tree_20151122_125451.ZIP
  _archive/TestStand_Debug_STDOUTs_20150623_074756.ZIPX
  _archive/TestStand_Debug_Trace_Logs_20150623_075606.ZIPX
  _archive/Test_Reports_20190718_220041.7z
  _archive/WizardWrx.DLLServices2.dll.config_20140622_170304.ZIPX
  _archive/WizardWrx.DLLServices2.dll.config_ENIGMA_20150615_175944.ZIPX
  _archive/WizardWrx.DLLServices2.dll.config_ENIGMA_20170221_020114.ZIPX
  _archive/WizardWrx.DLLServices2_5_3_162_1712.7z.lnk
  _archive/WizardWrx.DLLServices2_5_4_174_18276.ZIPX.lnk
  _archive/WizardWrx.DLLServices2_6_424_22543_Release_Binaries.ZIPX
  _archive/WizardWrx_DLLServices2_DebugBuild_PInvoked_6_0_343_35979.ZIPX
  _archive/WizardWrx_DLLServices2_dll_config_Purge_20170223_031031.ZIPX
  _archive/WizardWrx_NET_API_ABACUS_20180905_012540.7z.lnk
  _archive/WizardWrx_NET_API_ABACUS_20180905_012540.LOG
  _archive/WizardWrx_NET_API_ABACUS_20180911_013037.7z.lnk
  _archive/WizardWrx_NET_API_ABACUS_20180911_013037.LOG
  _archive/WizardWrx_NET_API_ABACUS_20180913_235245.7z.lnk
  _archive/WizardWrx_NET_API_ABACUS_20180913_235245.LOG
  _archive/WizardWrx_NET_API_ABACUS_20181008_004751.7z.LNK
  _archive/WizardWrx_NET_API_ABACUS_20181008_004751.LOG
  _archive/WizardWrx_NET_API_ABACUS_20181117_193129.7z.lnk
  _archive/WizardWrx_NET_API_ABACUS_20181117_193129.LOG
  _archive/WizardWrx_NET_API_ABACUS_20181118_150454.7z.lnk
  _archive/WizardWrx_NET_API_ABACUS_20181118_150454.LOG
  _archive/WizardWrx_NET_API_ABACUS_20181123_211649.7z.lnk
  _archive/WizardWrx_NET_API_ABACUS_20181123_211649.LOG
  _archive/WizardWrx_NET_API_ABACUS_20181210_164406.7z.lnk
  _archive/WizardWrx_NET_API_ABACUS_20181210_164406.LOG
  _archive/WizardWrx_NET_API_ABACUS_20181225_214823.7z.lnk
  _archive/WizardWrx_NET_API_ABACUS_20181225_214823.LOG
  _archive/WizardWrx_NET_API_ABACUS_20201018_122813.7z.lnk
  _archive/WizardWrx_NET_API_ABACUS_20201018_122813.LOG
  _archive/WizardWrx_NET_API_ABACUS_20201223_185008.7z.lnk
  _archive/WizardWrx_NET_API_ABACUS_20201223_185008.LOG
  _archive/WizardWrx_NET_API_ABACUS_20201231_164856.7z.lnk
  _archive/WizardWrx_NET_API_ABACUS_20201231_164856.LOG
  _archive/WizardWrx_NET_API_ABACUS_20210101_162322.7z.lnk
  _archive/WizardWrx_NET_API_ABACUS_20210101_162322.LOG
  _archive/WizardWrx_NET_API_ABACUS_20210201_020431.7z.lnk
  _archive/WizardWrx_NET_API_ABACUS_20210206_051607.7z.lnk
  _archive/WizardWrx_NET_API_ABACUS_20210704_042036.7z.lnk
  _archive/docfx_project_Shell_ABACUS_20180905_003918.7z

[3] Unexpected files in BuildTools:
  None

[4] Unexpected JS files in Test_Data:
  D:\Source_Code\Visual_Studio\Projects\WizardWrx_Libs\WizardWrx_NET_API\Test_Data\Agent_Recent_Phone_Calls.js
  D:\Source_Code\Visual_Studio\Projects\WizardWrx_Libs\WizardWrx_NET_API\Test_Data\CallMapGrid.js
  D:\Source_Code\Visual_Studio\Projects\WizardWrx_Libs\WizardWrx_NET_API\Test_Data\LeadLifeJSHelpersGlobals.js
  D:\Source_Code\Visual_Studio\Projects\WizardWrx_Libs\WizardWrx_NET_API\Test_Data\LeadLifeJSHelpersLib.js
  D:\Source_Code\Visual_Studio\Projects\WizardWrx_Libs\WizardWrx_NET_API\Test_Data\LeadLife_InputMask_Engine.js
  D:\Source_Code\Visual_Studio\Projects\WizardWrx_Libs\WizardWrx_NET_API\Test_Data\LLCommon.js
  D:\Source_Code\Visual_Studio\Projects\WizardWrx_Libs\WizardWrx_NET_API\Test_Data\Mobile_Index.js
  D:\Source_Code\Visual_Studio\Projects\WizardWrx_Libs\WizardWrx_NET_API\Test_Data\STT_VideoPlayer.js
  D:\Source_Code\Visual_Studio\Projects\WizardWrx_Libs\WizardWrx_NET_API\Test_Data\UploadFile.js
  D:\Source_Code\Visual_Studio\Projects\WizardWrx_Libs\WizardWrx_NET_API\Test_Data\Words2Actions_Recorder_Forms.js

[5] BuildTools junction status:
  BuildTools exists but is NOT a junction (type: Symlink).

[6] Symbolic links found in repository:
  D:\Source_Code\Visual_Studio\Projects\WizardWrx_Libs\WizardWrx_NET_API\BuildTools

=== Audit Complete ===
Log written to: GitAudit_20260411_013251.LOG
